#-----------------------------------------------------------
# Vivado v2020.2 (64-bit)
# SW Build 3064766 on Wed Nov 18 09:12:45 MST 2020
# IP Build 3064653 on Wed Nov 18 14:17:31 MST 2020
# Start of session at: Sun Jul 26 18:58:27 2026
# Process ID: 28096
# Current directory: F:/PROJECTS/gigabit_ethernet
# Command line: vivado.exe -mode batch -source Scripts/build.tcl
# Log file: F:/PROJECTS/gigabit_ethernet/vivado.log
# Journal file: F:/PROJECTS/gigabit_ethernet\vivado.jou
#-----------------------------------------------------------
source Scripts/build.tcl
# puts ""

# puts "========================================="
=========================================
# puts "Gigabit Ethernet Build Started"
Gigabit Ethernet Build Started
# puts "========================================="
=========================================
# puts ""

# source Scripts/variables.tcl
## set PROJECT_NAME "gigabit_ethernet"
## set PART         "xczu43dr-ffvg1517-1-i"
## set TOP          "gmii_top"
## set ROOT_DIR        [pwd]
## set RTL_DIR         "$ROOT_DIR/RTL"
## set CONSTRAINTS_DIR "$ROOT_DIR/Constraints"
## set IP_DIR          "$ROOT_DIR/IP"
## set SCRIPTS_DIR     "$ROOT_DIR/Scripts"
## set OUTPUT_DIR      "$ROOT_DIR/Output"
## set BIT_DIR         "$OUTPUT_DIR/bitstream"
## set CHECKPOINT_DIR  "$OUTPUT_DIR/checkpoint"
## set REPORTS_DIR     "$OUTPUT_DIR/reports"
## foreach dir [list \
##     $OUTPUT_DIR \
##     $BIT_DIR \
##     $CHECKPOINT_DIR \
##     $REPORTS_DIR] {
## 
##     file mkdir $dir
## }
## set BIT_FILE        "$BIT_DIR/$TOP.bit"
## set DCP_FILE        "$CHECKPOINT_DIR/$TOP.dcp"
## set UTIL_REPORT     "$REPORTS_DIR/utilization.rpt"
## set TIMING_REPORT   "$REPORTS_DIR/timing_summary.rpt"
## set POWER_REPORT    "$REPORTS_DIR/power.rpt"
# create_project \
#     -in_memory \
#     -part $PART
# source Scripts/create_ips.tcl
## puts "Creating IPs"
Creating IPs
## puts "Generating clk_gen IP"
Generating clk_gen IP
## source "$IP_DIR/clk_gen/create_clk_gen.tcl"
### set IP_NAME clk_gen
### puts "Generating $IP_NAME IP in $IP_DIR"
Generating clk_gen IP in F:/PROJECTS/gigabit_ethernet/IP
### create_ip \
###     -name clk_wiz \
###     -vendor xilinx.com \
###     -library ip \
###     -version 6.0 \
###     -module_name $IP_NAME \
###     -dir $IP_DIR/clk_gen/Output
INFO: [IP_Flow 19-234] Refreshing IP repositories
INFO: [IP_Flow 19-1704] No user IP repositories specified
INFO: [IP_Flow 19-2313] Loaded Vivado IP repository 'C:/Xilinx/Vivado/2020.2/data/ip'.
create_ip: Time (s): cpu = 00:00:07 ; elapsed = 00:00:10 . Memory (MB): peak = 1361.570 ; gain = 352.602
### set_property -dict [list \
###     CONFIG.PRIM_SOURCE                  {Differential_clock_capable_pin} \
###     CONFIG.PRIM_IN_FREQ                 {200.000} \
###     CONFIG.NUM_OUT_CLKS                 {2} \
###     CONFIG.CLKOUT1_USED                 {true} \
###     CONFIG.CLKOUT2_USED                 {true} \
###     CONFIG.CLK_OUT1_PORT                {clk_100} \
###     CONFIG.CLK_OUT2_PORT                {clk_125} \
###     CONFIG.CLKOUT2_REQUESTED_OUT_FREQ   {125.000} \
###     CONFIG.USE_RESET                    {false} \
###     CONFIG.USE_LOCKED                   {false} \
### ] [get_ips $IP_NAME]
### generate_target all [get_ips $IP_NAME]
INFO: [IP_Flow 19-1686] Generating 'Instantiation Template' target for IP 'clk_gen'...
INFO: [IP_Flow 19-1686] Generating 'Synthesis' target for IP 'clk_gen'...
INFO: [IP_Flow 19-1686] Generating 'Simulation' target for IP 'clk_gen'...
INFO: [IP_Flow 19-1686] Generating 'Implementation' target for IP 'clk_gen'...
INFO: [IP_Flow 19-1686] Generating 'Change Log' target for IP 'clk_gen'...
### puts "Clock wizard IP generation complete"
Clock wizard IP generation complete
## puts "Generating vio_mdio IP"
Generating vio_mdio IP
## source "$IP_DIR/vio_mdio/create_vio_mdio.tcl"
couldn't read file "F:/PROJECTS/gigabit_ethernet/IP/vio_mdio/create_vio_mdio.tcl": no such file or directory
    while executing
"source "$IP_DIR/vio_mdio/create_vio_mdio.tcl""
    (file "Scripts/create_ips.tcl" line 9)

    while executing
"source Scripts/create_ips.tcl"
    (file "Scripts/build.tcl" line 28)
INFO: [Common 17-206] Exiting Vivado at Sun Jul 26 18:58:40 2026...
