#-----------------------------------------------------------
# Vivado v2020.2 (64-bit)
# SW Build 3064766 on Wed Nov 18 09:12:47 MST 2020
# IP Build 3064653 on Wed Nov 18 14:17:31 MST 2020
# Start of session at: Mon Jul 27 19:24:55 2026
# Process ID: 2486017
# Current directory: /home/aujus_dsp_1/Documents/Learning/gigabit_ethernet
# Command line: vivado
# Log file: /home/aujus_dsp_1/Documents/Learning/gigabit_ethernet/vivado.log
# Journal file: /home/aujus_dsp_1/Documents/Learning/gigabit_ethernet/vivado.jou
#-----------------------------------------------------------
start_gui
xhub::refresh_catalog [xhub::get_xstores xilinx_board_store]
xhub::refresh_catalog: Time (s): cpu = 00:00:07 ; elapsed = 00:00:19 . Memory (MB): peak = 7387.605 ; gain = 17.059 ; free physical = 12605 ; free virtual = 70084
xhub::refresh_catalog [xhub::get_xstores Vivado_example_project]
INFO: [Common 17-41] Interrupt caught. Command should exit soon.
INFO: [Common 17-344] 'xhub::refresh_catalog' was cancelled
open_hw_manager
INFO: [IP_Flow 19-234] Refreshing IP repositories
INFO: [IP_Flow 19-1704] No user IP repositories specified
INFO: [IP_Flow 19-2313] Loaded Vivado IP repository '/tools/Xilinx/2020/Vivado/2020.2/data/ip'.
connect_hw_server -allow_non_jtag
INFO: [Labtools 27-2285] Connecting to hw_server url TCP:localhost:3121
INFO: [Labtools 27-2222] Launching hw_server...
INFO: [Labtools 27-2221] Launch Output:

****** Xilinx hw_server v2020.2
  **** Build date : Nov 18 2020 at 09:50:49
    ** Copyright 1986-2020 Xilinx, Inc. All Rights Reserved.


INFO: [Labtools 27-3415] Connecting to cs_server url TCP:localhost:3042
INFO: [Labtools 27-3417] Launching cs_server...
INFO: [Labtools 27-2221] Launch Output:


******** Xilinx cs_server v2020.2
  ****** Build date   : Nov 04 2020-02:32:56
    **** Build number : 2020.2.1604437376
      ** Copyright 2017-2020 Xilinx, Inc. All Rights Reserved.



open_hw_target
INFO: [Labtoolstcl 44-466] Opening hw_target localhost:3121/xilinx_tcf/Digilent/210512180081
current_hw_device [get_hw_devices xc7a100t_0]
refresh_hw_device -update_hw_probes false [lindex [get_hw_devices xc7a100t_0] 0]
INFO: [Labtools 27-1435] Device xc7a100t (JTAG device index = 0) is not programmed (DONE status = 0).
set_property PROBES.FILE {/home/aujus_dsp_1/Documents/Learning/gigabit_ethernet/Output/bitstream/gmii_top.ltx} [get_hw_devices xc7a100t_0]
set_property FULL_PROBES.FILE {/home/aujus_dsp_1/Documents/Learning/gigabit_ethernet/Output/bitstream/gmii_top.ltx} [get_hw_devices xc7a100t_0]
set_property PROGRAM.FILE {/home/aujus_dsp_1/Documents/Learning/gigabit_ethernet/Output/bitstream/gmii_top.bit} [get_hw_devices xc7a100t_0]
program_hw_devices [get_hw_devices xc7a100t_0]
INFO: [Labtools 27-3164] End of startup status: HIGH
refresh_hw_device [lindex [get_hw_devices xc7a100t_0] 0]
INFO: [Labtools 27-2302] Device xc7a100t (JTAG device index = 0) is programmed with a design that has 3 ILA core(s).
INFO: [Labtools 27-2302] Device xc7a100t (JTAG device index = 0) is programmed with a design that has 3 VIO core(s).
INFO: [Labtools 27-1889] Uploading output probe values for VIO core [hw_vio_1]
INFO: [Labtools 27-1889] Uploading output probe values for VIO core [hw_vio_2]
INFO: [Labtools 27-1889] Uploading output probe values for VIO core [hw_vio_3]
refresh_hw_device: Time (s): cpu = 00:00:20 ; elapsed = 00:00:08 . Memory (MB): peak = 8410.828 ; gain = 52.008 ; free physical = 5059 ; free virtual = 62727
display_hw_ila_data [ get_hw_ila_data hw_ila_data_1 -of_objects [get_hw_ilas -of_objects [get_hw_devices xc7a100t_0] -filter {CELL_NAME=~"u_ila_rx"}]]
display_hw_ila_data [ get_hw_ila_data hw_ila_data_2 -of_objects [get_hw_ilas -of_objects [get_hw_devices xc7a100t_0] -filter {CELL_NAME=~"u_ila_tx"}]]
display_hw_ila_data [ get_hw_ila_data hw_ila_data_3 -of_objects [get_hw_ilas -of_objects [get_hw_devices xc7a100t_0] -filter {CELL_NAME=~"u_ila_mdio"}]]
