#-----------------------------------------------------------
# Vivado v2020.2 (64-bit)
# SW Build 3064766 on Wed Nov 18 09:12:45 MST 2020
# IP Build 3064653 on Wed Nov 18 14:17:31 MST 2020
# Start of session at: Sun Jul 26 17:47:03 2026
# Process ID: 24392
# Current directory: F:/PROJECTS/gigabit_ethernet
# Command line: vivado.exe -mode batch -source Scripts/build.tcl
# Log file: F:/PROJECTS/gigabit_ethernet/vivado.log
# Journal file: F:/PROJECTS/gigabit_ethernet\vivado.jou
#-----------------------------------------------------------
source Scripts/build.tcl
# puts ""

# puts "========================================="
=========================================
# puts "Gigabit Ethernet Build Started"
Gigabit Ethernet Build Started
# puts "========================================="
=========================================
# puts ""

# source Scripts/variables.tcl
## set PROJECT_NAME "gigabit_ethernet"
## set PART         "xczu43dr-ffvg1517-1-i"
## set TOP          "gmii_top"
## set ROOT_DIR        [pwd]
## set RTL_DIR         "$ROOT_DIR/RTL"
## set CONSTRAINTS_DIR "$ROOT_DIR/Constraints"
## set IP_DIR          "$ROOT_DIR/IP"
## set SCRIPTS_DIR     "$ROOT_DIR/Scripts"
## set OUTPUT_DIR      "$ROOT_DIR/Output"
## set BIT_DIR         "$OUTPUT_DIR/bitstream"
## set CHECKPOINT_DIR  "$OUTPUT_DIR/checkpoint"
## set REPORTS_DIR     "$OUTPUT_DIR/reports"
## foreach dir [list \
##     $OUTPUT_DIR \
##     $BIT_DIR \
##     $CHECKPOINT_DIR \
##     $REPORTS_DIR] {
## 
##     file mkdir $dir
## }
## set BIT_FILE        "$BIT_DIR/$TOP.bit"
## set DCP_FILE        "$CHECKPOINT_DIR/$TOP.dcp"
## set UTIL_REPORT     "$REPORTS_DIR/utilization.rpt"
## set TIMING_REPORT   "$REPORTS_DIR/timing_summary.rpt"
## set POWER_REPORT    "$REPORTS_DIR/power.rpt"
# create_project \
#     -in_memory \
#     -part $PART
# source Scripts/create_ips.tcl
## puts "Creating IPs"
Creating IPs
## puts "Generating clk_gen IP"
Generating clk_gen IP
## source "$IP_DIR/create_clk_gen.tcl"
couldn't read file "F:/PROJECTS/gigabit_ethernet/IP/create_clk_gen.tcl": no such file or directory
    while executing
"source "$IP_DIR/create_clk_gen.tcl""
    (file "Scripts/create_ips.tcl" line 5)

    while executing
"source Scripts/create_ips.tcl"
    (file "Scripts/build.tcl" line 28)
INFO: [Common 17-206] Exiting Vivado at Sun Jul 26 17:47:10 2026...
