Copyright 1986-2020 Xilinx, Inc. All Rights Reserved.
------------------------------------------------------------------------------------------------------------------------------------------------
| Tool Version : Vivado v.2020.2 (lin64) Build 3064766 Wed Nov 18 09:12:47 MST 2020
| Date         : Tue Jul 28 00:54:59 2026
| Host         : aujusDSP1 running 64-bit Ubuntu 20.04.6 LTS
| Command      : report_timing_summary -file /home/aujus_dsp_1/Documents/Learning/gigabit_ethernet/Output/reports/post_synth_timing_summary.rpt
| Design       : gmii_top
| Device       : 7a100t-fgg484
| Speed File   : -2  PRODUCTION 1.23 2018-06-13
------------------------------------------------------------------------------------------------------------------------------------------------

Timing Summary Report

------------------------------------------------------------------------------------------------
| Timer Settings
| --------------
------------------------------------------------------------------------------------------------

  Enable Multi Corner Analysis               :  Yes
  Enable Pessimism Removal                   :  Yes
  Pessimism Removal Resolution               :  Nearest Common Node
  Enable Input Delay Default Clock           :  No
  Enable Preset / Clear Arcs                 :  No
  Disable Flight Delays                      :  No
  Ignore I/O Paths                           :  No
  Timing Early Launch at Borrowing Latches   :  No
  Borrow Time for Max Delay Exceptions       :  Yes
  Merge Timing Exceptions                    :  Yes

  Corner  Analyze    Analyze    
  Name    Max Paths  Min Paths  
  ------  ---------  ---------  
  Slow    Yes        Yes        
  Fast    Yes        Yes        



check_timing report

Table of Contents
-----------------
1. checking no_clock (1128)
2. checking constant_clock (0)
3. checking pulse_width_clock (0)
4. checking unconstrained_internal_endpoints (1089)
5. checking no_input_delay (11)
6. checking no_output_delay (15)
7. checking multiple_clock (0)
8. checking generated_clocks (0)
9. checking loops (0)
10. checking partial_input_delay (0)
11. checking partial_output_delay (0)
12. checking latch_loops (0)

1. checking no_clock (1128)
---------------------------
 There are 435 register/latch pins with no clock driven by root clock pin: dbg_hub/sl_iport0_o[1] (HIGH)

 There are 228 register/latch pins with no clock driven by root clock pin: dbg_hub/sl_iport1_o[1] (HIGH)

 There are 465 register/latch pins with no clock driven by root clock pin: dbg_hub/sl_iport2_o[1] (HIGH)


2. checking constant_clock (0)
------------------------------
 There are 0 register/latch pins with constant_clock.


3. checking pulse_width_clock (0)
---------------------------------
 There are 0 register/latch pins which need pulse_width check


4. checking unconstrained_internal_endpoints (1089)
---------------------------------------------------
 There are 1089 pins that are not constrained for maximum delay. (HIGH)

 There are 0 pins that are not constrained for maximum delay due to constant clock.


5. checking no_input_delay (11)
-------------------------------
 There are 11 input ports with no input delay specified. (HIGH)

 There are 0 input ports with no input delay but user has a false path constraint.


6. checking no_output_delay (15)
--------------------------------
 There are 15 ports with no output delay specified. (HIGH)

 There are 0 ports with no output delay but user has a false path constraint

 There are 0 ports with no output delay but with a timing clock defined on it or propagating through it


7. checking multiple_clock (0)
------------------------------
 There are 0 register/latch pins with multiple clocks.


8. checking generated_clocks (0)
--------------------------------
 There are 0 generated clocks that are not connected to a clock source.


9. checking loops (0)
---------------------
 There are 0 combinational loops in the design.


10. checking partial_input_delay (0)
------------------------------------
 There are 0 input ports with partial input delay specified.


11. checking partial_output_delay (0)
-------------------------------------
 There are 0 ports with partial output delay specified.


12. checking latch_loops (0)
----------------------------
 There are 0 combinational latch loops in the design through latch input



------------------------------------------------------------------------------------------------
| Design Timing Summary
| ---------------------
------------------------------------------------------------------------------------------------

    WNS(ns)      TNS(ns)  TNS Failing Endpoints  TNS Total Endpoints      WHS(ns)      THS(ns)  THS Failing Endpoints  THS Total Endpoints     WPWS(ns)     TPWS(ns)  TPWS Failing Endpoints  TPWS Total Endpoints  
    -------      -------  ---------------------  -------------------      -------      -------  ---------------------  -------------------     --------     --------  ----------------------  --------------------  
      2.225        0.000                      0                 1293        0.037        0.000                      0                 1293        1.100        0.000                       0                   658  


All user specified timing constraints are met.


------------------------------------------------------------------------------------------------
| Clock Summary
| -------------
------------------------------------------------------------------------------------------------

Clock               Waveform(ns)         Period(ns)      Frequency(MHz)
-----               ------------         ----------      --------------
clk_in1_p           {0.000 2.500}        5.000           200.000         
  clk_100_clk_gen   {0.000 5.000}        10.000          100.000         
  clk_125_clk_gen   {0.000 4.000}        8.000           125.000         
  clkfbout_clk_gen  {0.000 2.500}        5.000           200.000         
eth_rx_clk          {0.000 4.000}        8.000           125.000         


------------------------------------------------------------------------------------------------
| Intra Clock Table
| -----------------
------------------------------------------------------------------------------------------------

Clock                   WNS(ns)      TNS(ns)  TNS Failing Endpoints  TNS Total Endpoints      WHS(ns)      THS(ns)  THS Failing Endpoints  THS Total Endpoints     WPWS(ns)     TPWS(ns)  TPWS Failing Endpoints  TPWS Total Endpoints  
-----                   -------      -------  ---------------------  -------------------      -------      -------  ---------------------  -------------------     --------     --------  ----------------------  --------------------  
clk_in1_p                                                                                                                                                             1.100        0.000                       0                     1  
  clk_100_clk_gen         6.777        0.000                      0                  765        0.037        0.000                      0                  765        4.500        0.000                       0                   318  
  clk_125_clk_gen         2.225        0.000                      0                  490        0.037        0.000                      0                  490        3.500        0.000                       0                   317  
  clkfbout_clk_gen                                                                                                                                                    3.408        0.000                       0                     3  
eth_rx_clk                5.431        0.000                      0                   23        0.037        0.000                      0                   23        3.500        0.000                       0                    19  


------------------------------------------------------------------------------------------------
| Inter Clock Table
| -----------------
------------------------------------------------------------------------------------------------

From Clock    To Clock          WNS(ns)      TNS(ns)  TNS Failing Endpoints  TNS Total Endpoints      WHS(ns)      THS(ns)  THS Failing Endpoints  THS Total Endpoints  
----------    --------          -------      -------  ---------------------  -------------------      -------      -------  ---------------------  -------------------  


------------------------------------------------------------------------------------------------
| Other Path Groups Table
| -----------------------
------------------------------------------------------------------------------------------------

Path Group         From Clock         To Clock               WNS(ns)      TNS(ns)  TNS Failing Endpoints  TNS Total Endpoints      WHS(ns)      THS(ns)  THS Failing Endpoints  THS Total Endpoints  
----------         ----------         --------               -------      -------  ---------------------  -------------------      -------      -------  ---------------------  -------------------  
**async_default**  eth_rx_clk         eth_rx_clk               6.125        0.000                      0                   15        0.574        0.000                      0                   15  


------------------------------------------------------------------------------------------------
| Timing Details
| --------------
------------------------------------------------------------------------------------------------


---------------------------------------------------------------------------------------------------
From Clock:  clk_in1_p
  To Clock:  clk_in1_p

Setup :           NA  Failing Endpoints,  Worst Slack           NA  ,  Total Violation           NA
Hold  :           NA  Failing Endpoints,  Worst Slack           NA  ,  Total Violation           NA
PW    :            0  Failing Endpoints,  Worst Slack        1.100ns,  Total Violation        0.000ns
---------------------------------------------------------------------------------------------------


Pulse Width Checks
--------------------------------------------------------------------------------------
Clock Name:         clk_in1_p
Waveform(ns):       { 0.000 2.500 }
Period(ns):         5.000
Sources:            { clk_in1_p }

Check Type        Corner  Lib Pin            Reference Pin  Required(ns)  Actual(ns)  Slack(ns)  Location  Pin
Min Period        n/a     MMCME2_ADV/CLKIN1  n/a            1.249         5.000       3.751                u_clk_gen/inst/mmcm_adv_inst/CLKIN1
Max Period        n/a     MMCME2_ADV/CLKIN1  n/a            100.000       5.000       95.000               u_clk_gen/inst/mmcm_adv_inst/CLKIN1
Low Pulse Width   Fast    MMCME2_ADV/CLKIN1  n/a            1.400         2.500       1.100                u_clk_gen/inst/mmcm_adv_inst/CLKIN1
High Pulse Width  Slow    MMCME2_ADV/CLKIN1  n/a            1.400         2.500       1.100                u_clk_gen/inst/mmcm_adv_inst/CLKIN1



---------------------------------------------------------------------------------------------------
From Clock:  clk_100_clk_gen
  To Clock:  clk_100_clk_gen

Setup :            0  Failing Endpoints,  Worst Slack        6.777ns,  Total Violation        0.000ns
Hold  :            0  Failing Endpoints,  Worst Slack        0.037ns,  Total Violation        0.000ns
PW    :            0  Failing Endpoints,  Worst Slack        4.500ns,  Total Violation        0.000ns
---------------------------------------------------------------------------------------------------


Max Delay Paths
--------------------------------------------------------------------------------------
Slack (MET) :             6.777ns  (required time - arrival time)
  Source:                 u_mdio_inst_0/r_bit_count_reg[6]/C
                            (rising edge-triggered cell FDRE clocked by clk_100_clk_gen  {rise@0.000ns fall@5.000ns period=10.000ns})
  Destination:            u_mdio_inst_0/r_mdio_en_reg/D
                            (rising edge-triggered cell FDSE clocked by clk_100_clk_gen  {rise@0.000ns fall@5.000ns period=10.000ns})
  Path Group:             clk_100_clk_gen
  Path Type:              Setup (Max at Slow Process Corner)
  Requirement:            10.000ns  (clk_100_clk_gen rise@10.000ns - clk_100_clk_gen rise@0.000ns)
  Data Path Delay:        3.055ns  (logic 0.944ns (30.900%)  route 2.111ns (69.100%))
  Logic Levels:           4  (LUT1=1 LUT3=1 LUT6=2)
  Clock Path Skew:        -0.145ns (DCD - SCD + CPR)
    Destination Clock Delay (DCD):    -2.091ns = ( 7.909 - 10.000 ) 
    Source Clock Delay      (SCD):    -1.596ns
    Clock Pessimism Removal (CPR):    0.350ns
  Clock Uncertainty:      0.066ns  ((TSJ^2 + DJ^2)^1/2) / 2 + PE
    Total System Jitter     (TSJ):    0.071ns
    Discrete Jitter          (DJ):    0.112ns
    Phase Error              (PE):    0.000ns

    Location             Delay type                Incr(ns)  Path(ns)    Netlist Resource(s)
  -------------------------------------------------------------------    -------------------
                         (clock clk_100_clk_gen rise edge)
                                                      0.000     0.000 r  
    R4                                                0.000     0.000 r  clk_in1_p (IN)
                         net (fo=0)                   0.000     0.000    u_clk_gen/inst/clk_in1_p
    R4                   IBUFDS (Prop_ibufds_I_O)     0.851     0.851 r  u_clk_gen/inst/clkin1_ibufgds/O
                         net (fo=1, unplaced)         0.584     1.435    u_clk_gen/inst/clk_in1_clk_gen
                         MMCME2_ADV (Prop_mmcme2_adv_CLKIN1_CLKOUT0)
                                                     -4.343    -2.908 r  u_clk_gen/inst/mmcm_adv_inst/CLKOUT0
                         net (fo=1, unplaced)         0.647    -2.261    u_clk_gen/inst/clk_100_clk_gen
                         BUFG (Prop_bufg_I_O)         0.081    -2.180 r  u_clk_gen/inst/clkout1_buf/O
                         net (fo=316, unplaced)       0.584    -1.596    u_mdio_inst_0/clk
                         FDRE                                         r  u_mdio_inst_0/r_bit_count_reg[6]/C
  -------------------------------------------------------------------    -------------------
                         FDRE (Prop_fdre_C_Q)         0.397    -1.199 r  u_mdio_inst_0/r_bit_count_reg[6]/Q
                         net (fo=5, unplaced)         0.807    -0.392    u_mdio_inst_0/w_dbg_bit_count[6]
                         LUT6 (Prop_lut6_I0_O)        0.232    -0.160 r  u_mdio_inst_0/r_bit_count[6]_i_3/O
                         net (fo=5, unplaced)         0.375     0.215    u_mdio_inst_0/r_bit_count[6]_i_3_n_0
                         LUT3 (Prop_lut3_I2_O)        0.105     0.320 f  u_mdio_inst_0/r_mdio_en_i_3/O
                         net (fo=1, unplaced)         0.582     0.902    u_mdio_inst_0/r_mdio_en_i_3_n_0
                         LUT6 (Prop_lut6_I0_O)        0.105     1.007 f  u_mdio_inst_0/r_mdio_en_i_2/O
                         net (fo=1, unplaced)         0.347     1.354    u_mdio_inst_0/r_mdio_en_i_2_n_0
                         LUT1 (Prop_lut1_I0_O)        0.105     1.459 r  u_mdio_inst_0/r_mdio_en_i_1/O
                         net (fo=1, unplaced)         0.000     1.459    u_mdio_inst_0/r_mdio_en_i_1_n_0
                         FDSE                                         r  u_mdio_inst_0/r_mdio_en_reg/D
  -------------------------------------------------------------------    -------------------

                         (clock clk_100_clk_gen rise edge)
                                                     10.000    10.000 r  
    R4                                                0.000    10.000 r  clk_in1_p (IN)
                         net (fo=0)                   0.000    10.000    u_clk_gen/inst/clk_in1_p
    R4                   IBUFDS (Prop_ibufds_I_O)     0.813    10.813 r  u_clk_gen/inst/clkin1_ibufgds/O
                         net (fo=1, unplaced)         0.439    11.252    u_clk_gen/inst/clk_in1_clk_gen
                         MMCME2_ADV (Prop_mmcme2_adv_CLKIN1_CLKOUT0)
                                                     -4.474     6.778 r  u_clk_gen/inst/mmcm_adv_inst/CLKOUT0
                         net (fo=1, unplaced)         0.615     7.393    u_clk_gen/inst/clk_100_clk_gen
                         BUFG (Prop_bufg_I_O)         0.077     7.470 r  u_clk_gen/inst/clkout1_buf/O
                         net (fo=316, unplaced)       0.439     7.909    u_mdio_inst_0/clk
                         FDSE                                         r  u_mdio_inst_0/r_mdio_en_reg/C
                         clock pessimism              0.350     8.259    
                         clock uncertainty           -0.066     8.193    
                         FDSE (Setup_fdse_C_D)        0.043     8.236    u_mdio_inst_0/r_mdio_en_reg
  -------------------------------------------------------------------
                         required time                          8.236    
                         arrival time                          -1.459    
  -------------------------------------------------------------------
                         slack                                  6.777    





Min Delay Paths
--------------------------------------------------------------------------------------
Slack (MET) :             0.037ns  (arrival time - required time)
  Source:                 u_vio_mdio/inst/PROBE_OUT_ALL_INST/Committ_1_reg/C
                            (rising edge-triggered cell FDRE clocked by clk_100_clk_gen  {rise@0.000ns fall@5.000ns period=10.000ns})
  Destination:            u_vio_mdio/inst/PROBE_OUT_ALL_INST/Committ_2_reg/D
                            (rising edge-triggered cell FDRE clocked by clk_100_clk_gen  {rise@0.000ns fall@5.000ns period=10.000ns})
  Path Group:             clk_100_clk_gen
  Path Type:              Hold (Min at Fast Process Corner)
  Requirement:            0.000ns  (clk_100_clk_gen rise@0.000ns - clk_100_clk_gen rise@0.000ns)
  Data Path Delay:        0.220ns  (logic 0.147ns (66.849%)  route 0.073ns (33.151%))
  Logic Levels:           0  
  Clock Path Skew:        0.145ns (DCD - SCD - CPR)
    Destination Clock Delay (DCD):    -1.108ns
    Source Clock Delay      (SCD):    -0.816ns
    Clock Pessimism Removal (CPR):    -0.437ns

    Location             Delay type                Incr(ns)  Path(ns)    Netlist Resource(s)
  -------------------------------------------------------------------    -------------------
                         (clock clk_100_clk_gen rise edge)
                                                      0.000     0.000 r  
    R4                                                0.000     0.000 r  clk_in1_p (IN)
                         net (fo=0)                   0.000     0.000    u_clk_gen/inst/clk_in1_p
    R4                   IBUFDS (Prop_ibufds_I_O)     0.369     0.369 r  u_clk_gen/inst/clkin1_ibufgds/O
                         net (fo=1, unplaced)         0.114     0.483    u_clk_gen/inst/clk_in1_clk_gen
                         MMCME2_ADV (Prop_mmcme2_adv_CLKIN1_CLKOUT0)
                                                     -1.760    -1.277 r  u_clk_gen/inst/mmcm_adv_inst/CLKOUT0
                         net (fo=1, unplaced)         0.321    -0.956    u_clk_gen/inst/clk_100_clk_gen
                         BUFG (Prop_bufg_I_O)         0.026    -0.930 r  u_clk_gen/inst/clkout1_buf/O
                         net (fo=316, unplaced)       0.114    -0.816    u_vio_mdio/inst/PROBE_OUT_ALL_INST/clk
                         FDRE                                         r  u_vio_mdio/inst/PROBE_OUT_ALL_INST/Committ_1_reg/C
  -------------------------------------------------------------------    -------------------
                         FDRE (Prop_fdre_C_Q)         0.147    -0.669 r  u_vio_mdio/inst/PROBE_OUT_ALL_INST/Committ_1_reg/Q
                         net (fo=1, unplaced)         0.073    -0.596    u_vio_mdio/inst/PROBE_OUT_ALL_INST/Committ_1
                         FDRE                                         r  u_vio_mdio/inst/PROBE_OUT_ALL_INST/Committ_2_reg/D
  -------------------------------------------------------------------    -------------------

                         (clock clk_100_clk_gen rise edge)
                                                      0.000     0.000 r  
    R4                                                0.000     0.000 r  clk_in1_p (IN)
                         net (fo=0)                   0.000     0.000    u_clk_gen/inst/clk_in1_p
    R4                   IBUFDS (Prop_ibufds_I_O)     0.400     0.400 r  u_clk_gen/inst/clkin1_ibufgds/O
                         net (fo=1, unplaced)         0.259     0.659    u_clk_gen/inst/clk_in1_clk_gen
                         MMCME2_ADV (Prop_mmcme2_adv_CLKIN1_CLKOUT0)
                                                     -2.393    -1.734 r  u_clk_gen/inst/mmcm_adv_inst/CLKOUT0
                         net (fo=1, unplaced)         0.338    -1.396    u_clk_gen/inst/clk_100_clk_gen
                         BUFG (Prop_bufg_I_O)         0.029    -1.367 r  u_clk_gen/inst/clkout1_buf/O
                         net (fo=316, unplaced)       0.259    -1.108    u_vio_mdio/inst/PROBE_OUT_ALL_INST/clk
                         FDRE                                         r  u_vio_mdio/inst/PROBE_OUT_ALL_INST/Committ_2_reg/C
                         clock pessimism              0.437    -0.671    
                         FDRE (Hold_fdre_C_D)         0.038    -0.633    u_vio_mdio/inst/PROBE_OUT_ALL_INST/Committ_2_reg
  -------------------------------------------------------------------
                         required time                          0.633    
                         arrival time                          -0.596    
  -------------------------------------------------------------------
                         slack                                  0.037    





Pulse Width Checks
--------------------------------------------------------------------------------------
Clock Name:         clk_100_clk_gen
Waveform(ns):       { 0.000 5.000 }
Period(ns):         10.000
Sources:            { u_clk_gen/inst/mmcm_adv_inst/CLKOUT0 }

Check Type        Corner  Lib Pin             Reference Pin  Required(ns)  Actual(ns)  Slack(ns)  Location  Pin
Min Period        n/a     BUFG/I              n/a            1.592         10.000      8.408                u_clk_gen/inst/clkout1_buf/I
Max Period        n/a     MMCME2_ADV/CLKOUT0  n/a            213.360       10.000      203.360              u_clk_gen/inst/mmcm_adv_inst/CLKOUT0
Low Pulse Width   Slow    FDSE/C              n/a            0.500         5.000       4.500                u_mdio_inst_0/FSM_onehot_sm_main_reg[0]/C
High Pulse Width  Slow    FDSE/C              n/a            0.500         5.000       4.500                u_mdio_inst_0/FSM_onehot_sm_main_reg[0]/C



---------------------------------------------------------------------------------------------------
From Clock:  clk_125_clk_gen
  To Clock:  clk_125_clk_gen

Setup :            0  Failing Endpoints,  Worst Slack        2.225ns,  Total Violation        0.000ns
Hold  :            0  Failing Endpoints,  Worst Slack        0.037ns,  Total Violation        0.000ns
PW    :            0  Failing Endpoints,  Worst Slack        3.500ns,  Total Violation        0.000ns
---------------------------------------------------------------------------------------------------


Max Delay Paths
--------------------------------------------------------------------------------------
Slack (MET) :             2.225ns  (required time - arrival time)
  Source:                 u_vio_tx_gmii/inst/PROBE_OUT_ALL_INST/G_PROBE_OUT[0].PROBE_OUT0_INST/Probe_out_reg[0]/C
                            (rising edge-triggered cell FDRE clocked by clk_125_clk_gen  {rise@0.000ns fall@4.000ns period=8.000ns})
  Destination:            u_gmii_inst/frame_mem_reg[10][0]/CE
                            (falling edge-triggered cell FDRE clocked by clk_125_clk_gen  {rise@0.000ns fall@4.000ns period=8.000ns})
  Path Group:             clk_125_clk_gen
  Path Type:              Setup (Max at Slow Process Corner)
  Requirement:            4.000ns  (clk_125_clk_gen fall@4.000ns - clk_125_clk_gen rise@0.000ns)
  Data Path Delay:        1.405ns  (logic 0.629ns (44.769%)  route 0.776ns (55.231%))
  Logic Levels:           1  (LUT2=1)
  Clock Path Skew:        -0.145ns (DCD - SCD + CPR)
    Destination Clock Delay (DCD):    -2.028ns = ( 1.972 - 4.000 ) 
    Source Clock Delay      (SCD):    -1.533ns
    Clock Pessimism Removal (CPR):    0.350ns
  Clock Uncertainty:      0.064ns  ((TSJ^2 + DJ^2)^1/2) / 2 + PE
    Total System Jitter     (TSJ):    0.071ns
    Discrete Jitter          (DJ):    0.108ns
    Phase Error              (PE):    0.000ns

    Location             Delay type                Incr(ns)  Path(ns)    Netlist Resource(s)
  -------------------------------------------------------------------    -------------------
                         (clock clk_125_clk_gen rise edge)
                                                      0.000     0.000 r  
    R4                                                0.000     0.000 r  clk_in1_p (IN)
                         net (fo=0)                   0.000     0.000    u_clk_gen/inst/clk_in1_p
    R4                   IBUFDS (Prop_ibufds_I_O)     0.851     0.851 r  u_clk_gen/inst/clkin1_ibufgds/O
                         net (fo=1, unplaced)         0.584     1.435    u_clk_gen/inst/clk_in1_clk_gen
                         MMCME2_ADV (Prop_mmcme2_adv_CLKIN1_CLKOUT1)
                                                     -4.343    -2.908 r  u_clk_gen/inst/mmcm_adv_inst/CLKOUT1
                         net (fo=1, unplaced)         0.647    -2.261    u_clk_gen/inst/clk_125_clk_gen
                         BUFG (Prop_bufg_I_O)         0.081    -2.180 r  u_clk_gen/inst/clkout2_buf/O
                         net (fo=317, unplaced)       0.647    -1.533    u_vio_tx_gmii/inst/PROBE_OUT_ALL_INST/G_PROBE_OUT[0].PROBE_OUT0_INST/clk
                         FDRE                                         r  u_vio_tx_gmii/inst/PROBE_OUT_ALL_INST/G_PROBE_OUT[0].PROBE_OUT0_INST/Probe_out_reg[0]/C
  -------------------------------------------------------------------    -------------------
                         FDRE (Prop_fdre_C_Q)         0.397    -1.136 f  u_vio_tx_gmii/inst/PROBE_OUT_ALL_INST/G_PROBE_OUT[0].PROBE_OUT0_INST/Probe_out_reg[0]/Q
                         net (fo=21, unplaced)        0.301    -0.835    u_gmii_inst/rst
                         LUT2 (Prop_lut2_I1_O)        0.232    -0.603 r  u_gmii_inst/frame_mem[8][7]_i_1/O
                         net (fo=144, unplaced)       0.475    -0.128    u_gmii_inst/frame_mem[8][7]_i_1_n_0
                         FDRE                                         r  u_gmii_inst/frame_mem_reg[10][0]/CE
  -------------------------------------------------------------------    -------------------

                         (clock clk_125_clk_gen fall edge)
                                                      4.000     4.000 f  
    R4                                                0.000     4.000 f  clk_in1_p (IN)
                         net (fo=0)                   0.000     4.000    u_clk_gen/inst/clk_in1_p
    R4                   IBUFDS (Prop_ibufds_I_O)     0.813     4.813 f  u_clk_gen/inst/clkin1_ibufgds/O
                         net (fo=1, unplaced)         0.439     5.252    u_clk_gen/inst/clk_in1_clk_gen
                         MMCME2_ADV (Prop_mmcme2_adv_CLKIN1_CLKOUT1)
                                                     -4.474     0.778 f  u_clk_gen/inst/mmcm_adv_inst/CLKOUT1
                         net (fo=1, unplaced)         0.615     1.393    u_clk_gen/inst/clk_125_clk_gen
                         BUFG (Prop_bufg_I_O)         0.077     1.470 f  u_clk_gen/inst/clkout2_buf/O
                         net (fo=317, unplaced)       0.502     1.972    u_gmii_inst/clk
                         FDRE                                         r  u_gmii_inst/frame_mem_reg[10][0]/C  (IS_INVERTED)
                         clock pessimism              0.350     2.322    
                         clock uncertainty           -0.064     2.258    
                         FDRE (Setup_fdre_C_CE)      -0.161     2.097    u_gmii_inst/frame_mem_reg[10][0]
  -------------------------------------------------------------------
                         required time                          2.097    
                         arrival time                           0.128    
  -------------------------------------------------------------------
                         slack                                  2.225    





Min Delay Paths
--------------------------------------------------------------------------------------
Slack (MET) :             0.037ns  (arrival time - required time)
  Source:                 u_vio_tx_gmii/inst/PROBE_OUT_ALL_INST/Committ_1_reg/C
                            (rising edge-triggered cell FDRE clocked by clk_125_clk_gen  {rise@0.000ns fall@4.000ns period=8.000ns})
  Destination:            u_vio_tx_gmii/inst/PROBE_OUT_ALL_INST/Committ_2_reg/D
                            (rising edge-triggered cell FDRE clocked by clk_125_clk_gen  {rise@0.000ns fall@4.000ns period=8.000ns})
  Path Group:             clk_125_clk_gen
  Path Type:              Hold (Min at Fast Process Corner)
  Requirement:            0.000ns  (clk_125_clk_gen rise@0.000ns - clk_125_clk_gen rise@0.000ns)
  Data Path Delay:        0.220ns  (logic 0.147ns (66.849%)  route 0.073ns (33.151%))
  Logic Levels:           0  
  Clock Path Skew:        0.145ns (DCD - SCD - CPR)
    Destination Clock Delay (DCD):    -1.029ns
    Source Clock Delay      (SCD):    -0.737ns
    Clock Pessimism Removal (CPR):    -0.437ns

    Location             Delay type                Incr(ns)  Path(ns)    Netlist Resource(s)
  -------------------------------------------------------------------    -------------------
                         (clock clk_125_clk_gen rise edge)
                                                      0.000     0.000 r  
    R4                                                0.000     0.000 r  clk_in1_p (IN)
                         net (fo=0)                   0.000     0.000    u_clk_gen/inst/clk_in1_p
    R4                   IBUFDS (Prop_ibufds_I_O)     0.369     0.369 r  u_clk_gen/inst/clkin1_ibufgds/O
                         net (fo=1, unplaced)         0.114     0.483    u_clk_gen/inst/clk_in1_clk_gen
                         MMCME2_ADV (Prop_mmcme2_adv_CLKIN1_CLKOUT1)
                                                     -1.760    -1.277 r  u_clk_gen/inst/mmcm_adv_inst/CLKOUT1
                         net (fo=1, unplaced)         0.321    -0.956    u_clk_gen/inst/clk_125_clk_gen
                         BUFG (Prop_bufg_I_O)         0.026    -0.930 r  u_clk_gen/inst/clkout2_buf/O
                         net (fo=317, unplaced)       0.193    -0.737    u_vio_tx_gmii/inst/PROBE_OUT_ALL_INST/clk
                         FDRE                                         r  u_vio_tx_gmii/inst/PROBE_OUT_ALL_INST/Committ_1_reg/C
  -------------------------------------------------------------------    -------------------
                         FDRE (Prop_fdre_C_Q)         0.147    -0.590 r  u_vio_tx_gmii/inst/PROBE_OUT_ALL_INST/Committ_1_reg/Q
                         net (fo=1, unplaced)         0.073    -0.518    u_vio_tx_gmii/inst/PROBE_OUT_ALL_INST/Committ_1
                         FDRE                                         r  u_vio_tx_gmii/inst/PROBE_OUT_ALL_INST/Committ_2_reg/D
  -------------------------------------------------------------------    -------------------

                         (clock clk_125_clk_gen rise edge)
                                                      0.000     0.000 r  
    R4                                                0.000     0.000 r  clk_in1_p (IN)
                         net (fo=0)                   0.000     0.000    u_clk_gen/inst/clk_in1_p
    R4                   IBUFDS (Prop_ibufds_I_O)     0.400     0.400 r  u_clk_gen/inst/clkin1_ibufgds/O
                         net (fo=1, unplaced)         0.259     0.659    u_clk_gen/inst/clk_in1_clk_gen
                         MMCME2_ADV (Prop_mmcme2_adv_CLKIN1_CLKOUT1)
                                                     -2.393    -1.734 r  u_clk_gen/inst/mmcm_adv_inst/CLKOUT1
                         net (fo=1, unplaced)         0.338    -1.396    u_clk_gen/inst/clk_125_clk_gen
                         BUFG (Prop_bufg_I_O)         0.029    -1.367 r  u_clk_gen/inst/clkout2_buf/O
                         net (fo=317, unplaced)       0.338    -1.029    u_vio_tx_gmii/inst/PROBE_OUT_ALL_INST/clk
                         FDRE                                         r  u_vio_tx_gmii/inst/PROBE_OUT_ALL_INST/Committ_2_reg/C
                         clock pessimism              0.437    -0.592    
                         FDRE (Hold_fdre_C_D)         0.038    -0.554    u_vio_tx_gmii/inst/PROBE_OUT_ALL_INST/Committ_2_reg
  -------------------------------------------------------------------
                         required time                          0.554    
                         arrival time                          -0.518    
  -------------------------------------------------------------------
                         slack                                  0.037    





Pulse Width Checks
--------------------------------------------------------------------------------------
Clock Name:         clk_125_clk_gen
Waveform(ns):       { 0.000 4.000 }
Period(ns):         8.000
Sources:            { u_clk_gen/inst/mmcm_adv_inst/CLKOUT1 }

Check Type        Corner  Lib Pin             Reference Pin  Required(ns)  Actual(ns)  Slack(ns)  Location  Pin
Min Period        n/a     BUFG/I              n/a            1.592         8.000       6.408                u_clk_gen/inst/clkout2_buf/I
Max Period        n/a     MMCME2_ADV/CLKOUT1  n/a            213.360       8.000       205.360              u_clk_gen/inst/mmcm_adv_inst/CLKOUT1
Low Pulse Width   Fast    FDRE/C              n/a            0.500         4.000       3.500                u_gmii_inst/frame_mem_reg[19][7]/C
High Pulse Width  Fast    FDSE/C              n/a            0.500         4.000       3.500                u_vio_tx_gmii/inst/PROBE_OUT_ALL_INST/G_PROBE_OUT[1].PROBE_OUT0_INST/Probe_out_reg[18]/C



---------------------------------------------------------------------------------------------------
From Clock:  clkfbout_clk_gen
  To Clock:  clkfbout_clk_gen

Setup :           NA  Failing Endpoints,  Worst Slack           NA  ,  Total Violation           NA
Hold  :           NA  Failing Endpoints,  Worst Slack           NA  ,  Total Violation           NA
PW    :            0  Failing Endpoints,  Worst Slack        3.408ns,  Total Violation        0.000ns
---------------------------------------------------------------------------------------------------


Pulse Width Checks
--------------------------------------------------------------------------------------
Clock Name:         clkfbout_clk_gen
Waveform(ns):       { 0.000 2.500 }
Period(ns):         5.000
Sources:            { u_clk_gen/inst/mmcm_adv_inst/CLKFBOUT }

Check Type  Corner  Lib Pin             Reference Pin  Required(ns)  Actual(ns)  Slack(ns)  Location  Pin
Min Period  n/a     BUFG/I              n/a            1.592         5.000       3.408                u_clk_gen/inst/clkf_buf/I
Max Period  n/a     MMCME2_ADV/CLKFBIN  n/a            100.000       5.000       95.000               u_clk_gen/inst/mmcm_adv_inst/CLKFBIN



---------------------------------------------------------------------------------------------------
From Clock:  eth_rx_clk
  To Clock:  eth_rx_clk

Setup :            0  Failing Endpoints,  Worst Slack        5.431ns,  Total Violation        0.000ns
Hold  :            0  Failing Endpoints,  Worst Slack        0.037ns,  Total Violation        0.000ns
PW    :            0  Failing Endpoints,  Worst Slack        3.500ns,  Total Violation        0.000ns
---------------------------------------------------------------------------------------------------


Max Delay Paths
--------------------------------------------------------------------------------------
Slack (MET) :             5.431ns  (required time - arrival time)
  Source:                 u_eth_rx/r_crc_cnt_reg[2]/C
                            (rising edge-triggered cell FDCE clocked by eth_rx_clk  {rise@0.000ns fall@4.000ns period=8.000ns})
  Destination:            u_eth_rx/FSM_sequential_state_reg[0]/D
                            (rising edge-triggered cell FDCE clocked by eth_rx_clk  {rise@0.000ns fall@4.000ns period=8.000ns})
  Path Group:             eth_rx_clk
  Path Type:              Setup (Max at Slow Process Corner)
  Requirement:            8.000ns  (eth_rx_clk rise@8.000ns - eth_rx_clk rise@0.000ns)
  Data Path Delay:        2.432ns  (logic 0.839ns (34.498%)  route 1.593ns (65.502%))
  Logic Levels:           3  (LUT3=1 LUT6=2)
  Clock Path Skew:        -0.145ns (DCD - SCD + CPR)
    Destination Clock Delay (DCD):    2.479ns = ( 10.479 - 8.000 ) 
    Source Clock Delay      (SCD):    2.726ns
    Clock Pessimism Removal (CPR):    0.102ns
  Clock Uncertainty:      0.035ns  ((TSJ^2 + TIJ^2)^1/2 + DJ) / 2 + PE
    Total System Jitter     (TSJ):    0.071ns
    Total Input Jitter      (TIJ):    0.000ns
    Discrete Jitter          (DJ):    0.000ns
    Phase Error              (PE):    0.000ns

    Location             Delay type                Incr(ns)  Path(ns)    Netlist Resource(s)
  -------------------------------------------------------------------    -------------------
                         (clock eth_rx_clk rise edge)
                                                      0.000     0.000 r  
    J20                                               0.000     0.000 r  eth_rx_clk (IN)
                         net (fo=0)                   0.000     0.000    eth_rx_clk
    J20                  IBUF (Prop_ibuf_I_O)         1.414     1.414 r  eth_rx_clk_IBUF_inst/O
                         net (fo=1, unplaced)         0.647     2.061    eth_rx_clk_IBUF
                         BUFG (Prop_bufg_I_O)         0.081     2.142 r  eth_rx_clk_IBUF_BUFG_inst/O
                         net (fo=18, unplaced)        0.584     2.726    u_eth_rx/rx_clk
                         FDCE                                         r  u_eth_rx/r_crc_cnt_reg[2]/C
  -------------------------------------------------------------------    -------------------
                         FDCE (Prop_fdce_C_Q)         0.397     3.123 r  u_eth_rx/r_crc_cnt_reg[2]/Q
                         net (fo=5, unplaced)         0.653     3.776    u_eth_rx/r_crc_cnt_reg_n_0_[2]
                         LUT3 (Prop_lut3_I0_O)        0.232     4.008 r  u_eth_rx/FSM_sequential_state[1]_i_8/O
                         net (fo=1, unplaced)         0.582     4.590    u_eth_rx/FSM_sequential_state[1]_i_8_n_0
                         LUT6 (Prop_lut6_I3_O)        0.105     4.695 r  u_eth_rx/FSM_sequential_state[1]_i_4/O
                         net (fo=2, unplaced)         0.358     5.053    u_eth_rx/FSM_sequential_state[1]_i_4_n_0
                         LUT6 (Prop_lut6_I4_O)        0.105     5.158 r  u_eth_rx/FSM_sequential_state[0]_i_1/O
                         net (fo=1, unplaced)         0.000     5.158    u_eth_rx/FSM_sequential_state[0]_i_1_n_0
                         FDCE                                         r  u_eth_rx/FSM_sequential_state_reg[0]/D
  -------------------------------------------------------------------    -------------------

                         (clock eth_rx_clk rise edge)
                                                      8.000     8.000 r  
    J20                                               0.000     8.000 r  eth_rx_clk (IN)
                         net (fo=0)                   0.000     8.000    eth_rx_clk
    J20                  IBUF (Prop_ibuf_I_O)         1.348     9.348 r  eth_rx_clk_IBUF_inst/O
                         net (fo=1, unplaced)         0.615     9.963    eth_rx_clk_IBUF
                         BUFG (Prop_bufg_I_O)         0.077    10.040 r  eth_rx_clk_IBUF_BUFG_inst/O
                         net (fo=18, unplaced)        0.439    10.479    u_eth_rx/rx_clk
                         FDCE                                         r  u_eth_rx/FSM_sequential_state_reg[0]/C
                         clock pessimism              0.102    10.581    
                         clock uncertainty           -0.035    10.546    
                         FDCE (Setup_fdce_C_D)        0.043    10.589    u_eth_rx/FSM_sequential_state_reg[0]
  -------------------------------------------------------------------
                         required time                         10.589    
                         arrival time                          -5.158    
  -------------------------------------------------------------------
                         slack                                  5.431    





Min Delay Paths
--------------------------------------------------------------------------------------
Slack (MET) :             0.037ns  (arrival time - required time)
  Source:                 u_vio_rx/inst/PROBE_OUT_ALL_INST/Committ_1_reg/C
                            (rising edge-triggered cell FDRE clocked by eth_rx_clk  {rise@0.000ns fall@4.000ns period=8.000ns})
  Destination:            u_vio_rx/inst/PROBE_OUT_ALL_INST/Committ_2_reg/D
                            (rising edge-triggered cell FDRE clocked by eth_rx_clk  {rise@0.000ns fall@4.000ns period=8.000ns})
  Path Group:             eth_rx_clk
  Path Type:              Hold (Min at Fast Process Corner)
  Requirement:            0.000ns  (eth_rx_clk rise@0.000ns - eth_rx_clk rise@0.000ns)
  Data Path Delay:        0.220ns  (logic 0.147ns (66.849%)  route 0.073ns (33.151%))
  Logic Levels:           0  
  Clock Path Skew:        0.145ns (DCD - SCD - CPR)
    Destination Clock Delay (DCD):    1.064ns
    Source Clock Delay      (SCD):    0.712ns
    Clock Pessimism Removal (CPR):    0.208ns

    Location             Delay type                Incr(ns)  Path(ns)    Netlist Resource(s)
  -------------------------------------------------------------------    -------------------
                         (clock eth_rx_clk rise edge)
                                                      0.000     0.000 r  
    J20                                               0.000     0.000 r  eth_rx_clk (IN)
                         net (fo=0)                   0.000     0.000    eth_rx_clk
    J20                  IBUF (Prop_ibuf_I_O)         0.250     0.250 r  eth_rx_clk_IBUF_inst/O
                         net (fo=1, unplaced)         0.321     0.572    eth_rx_clk_IBUF
                         BUFG (Prop_bufg_I_O)         0.026     0.598 r  eth_rx_clk_IBUF_BUFG_inst/O
                         net (fo=18, unplaced)        0.114     0.712    u_vio_rx/inst/PROBE_OUT_ALL_INST/clk
                         FDRE                                         r  u_vio_rx/inst/PROBE_OUT_ALL_INST/Committ_1_reg/C
  -------------------------------------------------------------------    -------------------
                         FDRE (Prop_fdre_C_Q)         0.147     0.859 r  u_vio_rx/inst/PROBE_OUT_ALL_INST/Committ_1_reg/Q
                         net (fo=1, unplaced)         0.073     0.931    u_vio_rx/inst/PROBE_OUT_ALL_INST/Committ_1
                         FDRE                                         r  u_vio_rx/inst/PROBE_OUT_ALL_INST/Committ_2_reg/D
  -------------------------------------------------------------------    -------------------

                         (clock eth_rx_clk rise edge)
                                                      0.000     0.000 r  
    J20                                               0.000     0.000 r  eth_rx_clk (IN)
                         net (fo=0)                   0.000     0.000    eth_rx_clk
    J20                  IBUF (Prop_ibuf_I_O)         0.438     0.438 r  eth_rx_clk_IBUF_inst/O
                         net (fo=1, unplaced)         0.338     0.776    eth_rx_clk_IBUF
                         BUFG (Prop_bufg_I_O)         0.029     0.805 r  eth_rx_clk_IBUF_BUFG_inst/O
                         net (fo=18, unplaced)        0.259     1.064    u_vio_rx/inst/PROBE_OUT_ALL_INST/clk
                         FDRE                                         r  u_vio_rx/inst/PROBE_OUT_ALL_INST/Committ_2_reg/C
                         clock pessimism             -0.208     0.857    
                         FDRE (Hold_fdre_C_D)         0.038     0.895    u_vio_rx/inst/PROBE_OUT_ALL_INST/Committ_2_reg
  -------------------------------------------------------------------
                         required time                         -0.895    
                         arrival time                           0.931    
  -------------------------------------------------------------------
                         slack                                  0.037    





Pulse Width Checks
--------------------------------------------------------------------------------------
Clock Name:         eth_rx_clk
Waveform(ns):       { 0.000 4.000 }
Period(ns):         8.000
Sources:            { eth_rx_clk }

Check Type        Corner  Lib Pin  Reference Pin  Required(ns)  Actual(ns)  Slack(ns)  Location  Pin
Min Period        n/a     BUFG/I   n/a            1.592         8.000       6.408                eth_rx_clk_IBUF_BUFG_inst/I
Low Pulse Width   Slow    FDCE/C   n/a            0.500         4.000       3.500                u_eth_rx/FSM_sequential_state_reg[0]/C
High Pulse Width  Fast    FDCE/C   n/a            0.500         4.000       3.500                u_eth_rx/FSM_sequential_state_reg[0]/C



---------------------------------------------------------------------------------------------------
Path Group:  **async_default**
From Clock:  eth_rx_clk
  To Clock:  eth_rx_clk

Setup :            0  Failing Endpoints,  Worst Slack        6.125ns,  Total Violation        0.000ns
Hold  :            0  Failing Endpoints,  Worst Slack        0.574ns,  Total Violation        0.000ns
---------------------------------------------------------------------------------------------------


Max Delay Paths
--------------------------------------------------------------------------------------
Slack (MET) :             6.125ns  (required time - arrival time)
  Source:                 u_vio_rx/inst/PROBE_OUT_ALL_INST/G_PROBE_OUT[0].PROBE_OUT0_INST/Probe_out_reg[0]/C
                            (rising edge-triggered cell FDRE clocked by eth_rx_clk  {rise@0.000ns fall@4.000ns period=8.000ns})
  Destination:            u_eth_rx/FSM_sequential_state_reg[0]/CLR
                            (recovery check against rising-edge clock eth_rx_clk  {rise@0.000ns fall@4.000ns period=8.000ns})
  Path Group:             **async_default**
  Path Type:              Recovery (Max at Slow Process Corner)
  Requirement:            8.000ns  (eth_rx_clk rise@8.000ns - eth_rx_clk rise@0.000ns)
  Data Path Delay:        1.408ns  (logic 0.629ns (44.673%)  route 0.779ns (55.327%))
  Logic Levels:           1  (LUT1=1)
  Clock Path Skew:        -0.145ns (DCD - SCD + CPR)
    Destination Clock Delay (DCD):    2.479ns = ( 10.479 - 8.000 ) 
    Source Clock Delay      (SCD):    2.726ns
    Clock Pessimism Removal (CPR):    0.102ns
  Clock Uncertainty:      0.035ns  ((TSJ^2 + TIJ^2)^1/2 + DJ) / 2 + PE
    Total System Jitter     (TSJ):    0.071ns
    Total Input Jitter      (TIJ):    0.000ns
    Discrete Jitter          (DJ):    0.000ns
    Phase Error              (PE):    0.000ns

    Location             Delay type                Incr(ns)  Path(ns)    Netlist Resource(s)
  -------------------------------------------------------------------    -------------------
                         (clock eth_rx_clk rise edge)
                                                      0.000     0.000 r  
    J20                                               0.000     0.000 r  eth_rx_clk (IN)
                         net (fo=0)                   0.000     0.000    eth_rx_clk
    J20                  IBUF (Prop_ibuf_I_O)         1.414     1.414 r  eth_rx_clk_IBUF_inst/O
                         net (fo=1, unplaced)         0.647     2.061    eth_rx_clk_IBUF
                         BUFG (Prop_bufg_I_O)         0.081     2.142 r  eth_rx_clk_IBUF_BUFG_inst/O
                         net (fo=18, unplaced)        0.584     2.726    u_vio_rx/inst/PROBE_OUT_ALL_INST/G_PROBE_OUT[0].PROBE_OUT0_INST/clk
                         FDRE                                         r  u_vio_rx/inst/PROBE_OUT_ALL_INST/G_PROBE_OUT[0].PROBE_OUT0_INST/Probe_out_reg[0]/C
  -------------------------------------------------------------------    -------------------
                         FDRE (Prop_fdre_C_Q)         0.397     3.123 r  u_vio_rx/inst/PROBE_OUT_ALL_INST/G_PROBE_OUT[0].PROBE_OUT0_INST/Probe_out_reg[0]/Q
                         net (fo=1, unplaced)         0.240     3.363    u_eth_rx/rst_n
                         LUT1 (Prop_lut1_I0_O)        0.232     3.595 f  u_eth_rx/FSM_sequential_state[2]_i_2/O
                         net (fo=15, unplaced)        0.539     4.134    u_eth_rx/FSM_sequential_state[2]_i_2_n_0
                         FDCE                                         f  u_eth_rx/FSM_sequential_state_reg[0]/CLR
  -------------------------------------------------------------------    -------------------

                         (clock eth_rx_clk rise edge)
                                                      8.000     8.000 r  
    J20                                               0.000     8.000 r  eth_rx_clk (IN)
                         net (fo=0)                   0.000     8.000    eth_rx_clk
    J20                  IBUF (Prop_ibuf_I_O)         1.348     9.348 r  eth_rx_clk_IBUF_inst/O
                         net (fo=1, unplaced)         0.615     9.963    eth_rx_clk_IBUF
                         BUFG (Prop_bufg_I_O)         0.077    10.040 r  eth_rx_clk_IBUF_BUFG_inst/O
                         net (fo=18, unplaced)        0.439    10.479    u_eth_rx/rx_clk
                         FDCE                                         r  u_eth_rx/FSM_sequential_state_reg[0]/C
                         clock pessimism              0.102    10.581    
                         clock uncertainty           -0.035    10.546    
                         FDCE (Recov_fdce_C_CLR)     -0.287    10.259    u_eth_rx/FSM_sequential_state_reg[0]
  -------------------------------------------------------------------
                         required time                         10.259    
                         arrival time                          -4.134    
  -------------------------------------------------------------------
                         slack                                  6.125    





Min Delay Paths
--------------------------------------------------------------------------------------
Slack (MET) :             0.574ns  (arrival time - required time)
  Source:                 u_vio_rx/inst/PROBE_OUT_ALL_INST/G_PROBE_OUT[0].PROBE_OUT0_INST/Probe_out_reg[0]/C
                            (rising edge-triggered cell FDRE clocked by eth_rx_clk  {rise@0.000ns fall@4.000ns period=8.000ns})
  Destination:            u_eth_rx/FSM_sequential_state_reg[0]/CLR
                            (removal check against rising-edge clock eth_rx_clk  {rise@0.000ns fall@4.000ns period=8.000ns})
  Path Group:             **async_default**
  Path Type:              Removal (Min at Fast Process Corner)
  Requirement:            0.000ns  (eth_rx_clk rise@0.000ns - eth_rx_clk rise@0.000ns)
  Data Path Delay:        0.631ns  (logic 0.245ns (38.808%)  route 0.386ns (61.192%))
  Logic Levels:           1  (LUT1=1)
  Clock Path Skew:        0.145ns (DCD - SCD - CPR)
    Destination Clock Delay (DCD):    1.064ns
    Source Clock Delay      (SCD):    0.712ns
    Clock Pessimism Removal (CPR):    0.208ns

    Location             Delay type                Incr(ns)  Path(ns)    Netlist Resource(s)
  -------------------------------------------------------------------    -------------------
                         (clock eth_rx_clk rise edge)
                                                      0.000     0.000 r  
    J20                                               0.000     0.000 r  eth_rx_clk (IN)
                         net (fo=0)                   0.000     0.000    eth_rx_clk
    J20                  IBUF (Prop_ibuf_I_O)         0.250     0.250 r  eth_rx_clk_IBUF_inst/O
                         net (fo=1, unplaced)         0.321     0.572    eth_rx_clk_IBUF
                         BUFG (Prop_bufg_I_O)         0.026     0.598 r  eth_rx_clk_IBUF_BUFG_inst/O
                         net (fo=18, unplaced)        0.114     0.712    u_vio_rx/inst/PROBE_OUT_ALL_INST/G_PROBE_OUT[0].PROBE_OUT0_INST/clk
                         FDRE                                         r  u_vio_rx/inst/PROBE_OUT_ALL_INST/G_PROBE_OUT[0].PROBE_OUT0_INST/Probe_out_reg[0]/C
  -------------------------------------------------------------------    -------------------
                         FDRE (Prop_fdre_C_Q)         0.147     0.859 r  u_vio_rx/inst/PROBE_OUT_ALL_INST/G_PROBE_OUT[0].PROBE_OUT0_INST/Probe_out_reg[0]/Q
                         net (fo=1, unplaced)         0.119     0.978    u_eth_rx/rst_n
                         LUT1 (Prop_lut1_I0_O)        0.098     1.076 f  u_eth_rx/FSM_sequential_state[2]_i_2/O
                         net (fo=15, unplaced)        0.267     1.343    u_eth_rx/FSM_sequential_state[2]_i_2_n_0
                         FDCE                                         f  u_eth_rx/FSM_sequential_state_reg[0]/CLR
  -------------------------------------------------------------------    -------------------

                         (clock eth_rx_clk rise edge)
                                                      0.000     0.000 r  
    J20                                               0.000     0.000 r  eth_rx_clk (IN)
                         net (fo=0)                   0.000     0.000    eth_rx_clk
    J20                  IBUF (Prop_ibuf_I_O)         0.438     0.438 r  eth_rx_clk_IBUF_inst/O
                         net (fo=1, unplaced)         0.338     0.776    eth_rx_clk_IBUF
                         BUFG (Prop_bufg_I_O)         0.029     0.805 r  eth_rx_clk_IBUF_BUFG_inst/O
                         net (fo=18, unplaced)        0.259     1.064    u_eth_rx/rx_clk
                         FDCE                                         r  u_eth_rx/FSM_sequential_state_reg[0]/C
                         clock pessimism             -0.208     0.857    
                         FDCE (Remov_fdce_C_CLR)     -0.088     0.769    u_eth_rx/FSM_sequential_state_reg[0]
  -------------------------------------------------------------------
                         required time                         -0.769    
                         arrival time                           1.343    
  -------------------------------------------------------------------
                         slack                                  0.574    





