Copyright 1986-2022 Xilinx, Inc. All Rights Reserved. Copyright 2022-2024 Advanced Micro Devices, Inc. All Rights Reserved.
-------------------------------------------------------------------------------------------------------------------------------------------------
| Tool Version     : Vivado v.2024.2 (lin64) Build 5239630 Fri Nov 08 22:34:34 MST 2024
| Date             : Mon Jul 27 18:22:03 2026
| Host             : aujusDSP1 running 64-bit Ubuntu 20.04.6 LTS
| Command          : report_power -file /home/aujus_dsp_1/Documents/Learning/gigabit_ethernet/Output/reports/power.rpt
| Design           : gmii_top
| Device           : xc7a100tfgg484-2
| Design State     : routed
| Grade            : commercial
| Process          : typical
| Characterization : Production
-------------------------------------------------------------------------------------------------------------------------------------------------

Power Report

Table of Contents
-----------------
1. Summary
1.1 On-Chip Components
1.2 Power Supply Summary
1.3 Confidence Level
2. Settings
2.1 Environment
2.2 Clock Constraints
3. Detailed Reports
3.1 By Hierarchy

1. Summary
----------

+--------------------------+--------------+
| Total On-Chip Power (W)  | 0.276        |
| Design Power Budget (W)  | Unspecified* |
| Power Budget Margin (W)  | NA           |
| Dynamic (W)              | 0.178        |
| Device Static (W)        | 0.098        |
| Effective TJA (C/W)      | 2.7          |
| Max Ambient (C)          | 84.3         |
| Junction Temperature (C) | 25.7         |
| Confidence Level         | Low          |
| Setting File             | ---          |
| Simulation Activity File | ---          |
| Design Nets Matched      | NA           |
+--------------------------+--------------+
* Specify Design Power Budget using, set_operating_conditions -design_power_budget <value in Watts>


1.1 On-Chip Components
----------------------

+--------------------------+-----------+----------+-----------+-----------------+
| On-Chip                  | Power (W) | Used     | Available | Utilization (%) |
+--------------------------+-----------+----------+-----------+-----------------+
| Clocks                   |     0.037 |        8 |       --- |             --- |
| Slice Logic              |     0.003 |    11624 |       --- |             --- |
|   LUT as Logic           |     0.003 |     3367 |     63400 |            5.31 |
|   Register               |    <0.001 |     6449 |    126800 |            5.09 |
|   CARRY4                 |    <0.001 |      103 |     15850 |            0.65 |
|   LUT as Shift Register  |    <0.001 |      271 |     19000 |            1.43 |
|   LUT as Distributed RAM |    <0.001 |       24 |     19000 |            0.13 |
|   F7/F8 Muxes            |    <0.001 |       27 |     63400 |            0.04 |
|   Others                 |     0.000 |      626 |       --- |             --- |
| Signals                  |     0.006 |     8812 |       --- |             --- |
| Block RAM                |     0.006 |      6.5 |       135 |            4.81 |
| MMCM                     |     0.107 |        1 |         6 |           16.67 |
| I/O                      |     0.018 |       30 |       285 |           10.53 |
| Static Power             |     0.098 |          |           |                 |
| Total                    |     0.276 |          |           |                 |
+--------------------------+-----------+----------+-----------+-----------------+


1.2 Power Supply Summary
------------------------

+-----------+-------------+-----------+-------------+------------+-------------+-------------+------------+
| Source    | Voltage (V) | Total (A) | Dynamic (A) | Static (A) | Powerup (A) | Budget (A)  | Margin (A) |
+-----------+-------------+-----------+-------------+------------+-------------+-------------+------------+
| Vccint    |       1.000 |     0.069 |       0.053 |      0.015 |       NA    | Unspecified | NA         |
| Vccaux    |       1.800 |     0.078 |       0.060 |      0.018 |       NA    | Unspecified | NA         |
| Vcco33    |       3.300 |     0.009 |       0.005 |      0.004 |       NA    | Unspecified | NA         |
| Vcco25    |       2.500 |     0.000 |       0.000 |      0.000 |       NA    | Unspecified | NA         |
| Vcco18    |       1.800 |     0.000 |       0.000 |      0.000 |       NA    | Unspecified | NA         |
| Vcco15    |       1.500 |     0.000 |       0.000 |      0.000 |       NA    | Unspecified | NA         |
| Vcco135   |       1.350 |     0.000 |       0.000 |      0.000 |       NA    | Unspecified | NA         |
| Vcco12    |       1.200 |     0.000 |       0.000 |      0.000 |       NA    | Unspecified | NA         |
| Vccaux_io |       1.800 |     0.000 |       0.000 |      0.000 |       NA    | Unspecified | NA         |
| Vccbram   |       1.000 |     0.001 |       0.001 |      0.000 |       NA    | Unspecified | NA         |
| MGTAVcc   |       1.000 |     0.000 |       0.000 |      0.000 |       NA    | Unspecified | NA         |
| MGTAVtt   |       1.200 |     0.000 |       0.000 |      0.000 |       NA    | Unspecified | NA         |
| Vccadc    |       1.800 |     0.020 |       0.000 |      0.020 |       NA    | Unspecified | NA         |
+-----------+-------------+-----------+-------------+------------+-------------+-------------+------------+


1.3 Confidence Level
--------------------

+-----------------------------+------------+--------------------------------------------------------+------------------------------------------------------------------------------------------------------------+
| User Input Data             | Confidence | Details                                                | Action                                                                                                     |
+-----------------------------+------------+--------------------------------------------------------+------------------------------------------------------------------------------------------------------------+
| Design implementation state | High       | Design is routed                                       |                                                                                                            |
| Clock nodes activity        | High       | User specified more than 95% of clocks                 |                                                                                                            |
| I/O nodes activity          | Low        | More than 75% of inputs are missing user specification | Provide missing input activity with simulation results or by editing the "By Resource Type -> I/Os" view   |
| Internal nodes activity     | Medium     | User specified less than 25% of internal nodes         | Provide missing internal nodes activity with simulation results or by editing the "By Resource Type" views |
| Device models               | High       | Device models are Production                           |                                                                                                            |
|                             |            |                                                        |                                                                                                            |
| Overall confidence level    | Low        |                                                        |                                                                                                            |
+-----------------------------+------------+--------------------------------------------------------+------------------------------------------------------------------------------------------------------------+


2. Settings
-----------

2.1 Environment
---------------

+-----------------------+--------------------------+
| Ambient Temp (C)      | 25.0                     |
| ThetaJA (C/W)         | 2.7                      |
| Airflow (LFM)         | 250                      |
| Heat Sink             | medium (Medium Profile)  |
| ThetaSA (C/W)         | 4.6                      |
| Board Selection       | medium (10"x10")         |
| # of Board Layers     | 12to15 (12 to 15 Layers) |
| Board Temperature (C) | 25.0                     |
+-----------------------+--------------------------+


2.2 Clock Constraints
---------------------

+--------------------------------------------------------------------------------------------+-------------------------------------------------------------------+-----------------+
| Clock                                                                                      | Domain                                                            | Constraint (ns) |
+--------------------------------------------------------------------------------------------+-------------------------------------------------------------------+-----------------+
| clk_100_clk_gen                                                                            | u_clk_gen/inst/clk_100_clk_gen                                    |            10.0 |
| clk_125_clk_gen                                                                            | u_clk_gen/inst/clk_125_clk_gen                                    |             8.0 |
| clk_in1_p                                                                                  | clk_in1_p                                                         |             5.0 |
| clkfbout_clk_gen                                                                           | u_clk_gen/inst/clkfbout_clk_gen                                   |             5.0 |
| dbg_hub/inst/BSCANID.u_xsdbm_id/SWITCH_N_EXT_BSCAN.bscan_inst/SERIES7_BSCAN.bscan_inst/TCK | dbg_hub/inst/BSCANID.u_xsdbm_id/SWITCH_N_EXT_BSCAN.bscan_inst/TCK |            33.0 |
| eth_rx_clk                                                                                 | eth_rx_clk                                                        |             8.0 |
+--------------------------------------------------------------------------------------------+-------------------------------------------------------------------+-----------------+


3. Detailed Reports
-------------------

3.1 By Hierarchy
----------------

+--------------------------+-----------+
| Name                     | Power (W) |
+--------------------------+-----------+
| gmii_top                 |     0.178 |
|   dbg_hub                |     0.004 |
|     inst                 |     0.004 |
|       BSCANID.u_xsdbm_id |     0.004 |
|   u_clk_gen              |     0.109 |
|     inst                 |     0.109 |
|   u_gmii_inst            |     0.001 |
|   u_ila_mdio             |     0.012 |
|     inst                 |     0.012 |
|       ila_core_inst      |     0.012 |
|   u_ila_rx               |     0.013 |
|     inst                 |     0.013 |
|       ila_core_inst      |     0.013 |
|   u_ila_tx               |     0.010 |
|     inst                 |     0.010 |
|       ila_core_inst      |     0.010 |
|   u_vio_mdio             |     0.003 |
|     inst                 |     0.003 |
|       U_XSDB_SLAVE       |     0.001 |
|   u_vio_rx               |     0.002 |
|     inst                 |     0.002 |
|       U_XSDB_SLAVE       |     0.001 |
|   u_vio_tx_gmii          |     0.004 |
|     inst                 |     0.004 |
|       PROBE_OUT_ALL_INST |     0.002 |
|       U_XSDB_SLAVE       |     0.001 |
+--------------------------+-----------+


